2014-01-09T06:16:53.742892+00:00 heroku[router]: at=info method=GET path=/api/users/100002266342173/count_pending_messages host=services.pocketplaylab.com fwd="94.66.255.106" dyno=web.8 connect=9ms service=9ms status=304 bytes=0